[2026-03-30T22:04:31.887+0100][gc] Using G1
[2026-03-30T22:04:31.910+0100][gc,init] Version: 17.0.14+7-LTS (release)
[2026-03-30T22:04:31.910+0100][gc,init] CPUs: 8 total, 8 available
[2026-03-30T22:04:31.910+0100][gc,init] Memory: 7406M
[2026-03-30T22:04:31.910+0100][gc,init] Large Page Support: Disabled
[2026-03-30T22:04:31.910+0100][gc,init] NUMA Support: Disabled
[2026-03-30T22:04:31.910+0100][gc,init] Compressed Oops: Enabled (32-bit)
[2026-03-30T22:04:31.910+0100][gc,init] Heap Region Size: 1M
[2026-03-30T22:04:31.910+0100][gc,init] Heap Min Capacity: 1G
[2026-03-30T22:04:31.910+0100][gc,init] Heap Initial Capacity: 1G
[2026-03-30T22:04:31.910+0100][gc,init] Heap Max Capacity: 1G
[2026-03-30T22:04:31.910+0100][gc,init] Pre-touch: Disabled
[2026-03-30T22:04:31.910+0100][gc,init] Parallel Workers: 8
[2026-03-30T22:04:31.910+0100][gc,init] Concurrent Workers: 2
[2026-03-30T22:04:31.910+0100][gc,init] Concurrent Refinement Workers: 8
[2026-03-30T22:04:31.910+0100][gc,init] Periodic GC: Disabled
[2026-03-30T22:04:31.923+0100][gc,metaspace] CDS archive(s) mapped at: [0x00007e3417000000-0x00007e3417bc9000-0x00007e3417bc9000), size 12357632, SharedBaseAddress: 0x00007e3417000000, ArchiveRelocationMode: 1.
[2026-03-30T22:04:31.923+0100][gc,metaspace] Compressed class space mapped at: 0x00007e3418000000-0x00007e3458000000, reserved size: 1073741824
[2026-03-30T22:04:31.923+0100][gc,metaspace] Narrow klass base: 0x00007e3417000000, Narrow klass shift: 0, Narrow klass range: 0x100000000
[2026-03-30T22:04:33.678+0100][gc,start    ] GC(0) Pause Young (Normal) (G1 Evacuation Pause)
[2026-03-30T22:04:33.681+0100][gc,task     ] GC(0) Using 8 workers of 8 for evacuation
[2026-03-30T22:04:33.690+0100][gc,phases   ] GC(0)   Pre Evacuate Collection Set: 0.3ms
[2026-03-30T22:04:33.690+0100][gc,phases   ] GC(0)   Merge Heap Roots: 0.4ms
[2026-03-30T22:04:33.690+0100][gc,phases   ] GC(0)   Evacuate Collection Set: 7.2ms
[2026-03-30T22:04:33.690+0100][gc,phases   ] GC(0)   Post Evacuate Collection Set: 1.5ms
[2026-03-30T22:04:33.690+0100][gc,phases   ] GC(0)   Other: 2.6ms
[2026-03-30T22:04:33.690+0100][gc,heap     ] GC(0) Eden regions: 51->0(44)
[2026-03-30T22:04:33.690+0100][gc,heap     ] GC(0) Survivor regions: 0->7(7)
[2026-03-30T22:04:33.690+0100][gc,heap     ] GC(0) Old regions: 0->2
[2026-03-30T22:04:33.690+0100][gc,heap     ] GC(0) Archive regions: 2->2
[2026-03-30T22:04:33.690+0100][gc,heap     ] GC(0) Humongous regions: 0->0
[2026-03-30T22:04:33.690+0100][gc,metaspace] GC(0) Metaspace: 18046K(18240K)->18046K(18240K) NonClass: 15901K(16000K)->15901K(16000K) Class: 2145K(2240K)->2145K(2240K)
[2026-03-30T22:04:33.690+0100][gc          ] GC(0) Pause Young (Normal) (G1 Evacuation Pause) 51M->9M(1024M) 12.099ms
[2026-03-30T22:04:33.690+0100][gc,cpu      ] GC(0) User=0.04s Sys=0.03s Real=0.01s
[2026-03-30T22:04:33.917+0100][gc,start    ] GC(1) Pause Young (Concurrent Start) (Metadata GC Threshold)
[2026-03-30T22:04:33.917+0100][gc,task     ] GC(1) Using 8 workers of 8 for evacuation
[2026-03-30T22:04:33.927+0100][gc,phases   ] GC(1)   Pre Evacuate Collection Set: 0.5ms
[2026-03-30T22:04:33.927+0100][gc,phases   ] GC(1)   Merge Heap Roots: 0.3ms
[2026-03-30T22:04:33.927+0100][gc,phases   ] GC(1)   Evacuate Collection Set: 7.0ms
[2026-03-30T22:04:33.927+0100][gc,phases   ] GC(1)   Post Evacuate Collection Set: 1.3ms
[2026-03-30T22:04:33.927+0100][gc,phases   ] GC(1)   Other: 0.8ms
[2026-03-30T22:04:33.927+0100][gc,heap     ] GC(1) Eden regions: 12->0(49)
[2026-03-30T22:04:33.927+0100][gc,heap     ] GC(1) Survivor regions: 7->2(7)
[2026-03-30T22:04:33.927+0100][gc,heap     ] GC(1) Old regions: 2->9
[2026-03-30T22:04:33.927+0100][gc,heap     ] GC(1) Archive regions: 2->2
[2026-03-30T22:04:33.927+0100][gc,heap     ] GC(1) Humongous regions: 0->0
[2026-03-30T22:04:33.927+0100][gc,metaspace] GC(1) Metaspace: 21312K(21504K)->21312K(21504K) NonClass: 18735K(18816K)->18735K(18816K) Class: 2577K(2688K)->2577K(2688K)
[2026-03-30T22:04:33.927+0100][gc          ] GC(1) Pause Young (Concurrent Start) (Metadata GC Threshold) 20M->10M(1024M) 9.954ms
[2026-03-30T22:04:33.927+0100][gc,cpu      ] GC(1) User=0.02s Sys=0.02s Real=0.01s
[2026-03-30T22:04:33.927+0100][gc          ] GC(2) Concurrent Mark Cycle
[2026-03-30T22:04:33.927+0100][gc,marking  ] GC(2) Concurrent Clear Claimed Marks
[2026-03-30T22:04:33.927+0100][gc,marking  ] GC(2) Concurrent Clear Claimed Marks 0.018ms
[2026-03-30T22:04:33.927+0100][gc,marking  ] GC(2) Concurrent Scan Root Regions
[2026-03-30T22:04:33.931+0100][gc,marking  ] GC(2) Concurrent Scan Root Regions 3.845ms
[2026-03-30T22:04:33.931+0100][gc,marking  ] GC(2) Concurrent Mark
[2026-03-30T22:04:33.931+0100][gc,marking  ] GC(2) Concurrent Mark From Roots
[2026-03-30T22:04:33.931+0100][gc,task     ] GC(2) Using 2 workers of 2 for marking
[2026-03-30T22:04:33.934+0100][gc,marking  ] GC(2) Concurrent Mark From Roots 2.865ms
[2026-03-30T22:04:33.934+0100][gc,marking  ] GC(2) Concurrent Preclean
[2026-03-30T22:04:33.934+0100][gc,marking  ] GC(2) Concurrent Preclean 0.177ms
[2026-03-30T22:04:33.935+0100][gc,start    ] GC(2) Pause Remark
[2026-03-30T22:04:33.938+0100][gc          ] GC(2) Pause Remark 10M->10M(1024M) 2.870ms
[2026-03-30T22:04:33.938+0100][gc,cpu      ] GC(2) User=0.01s Sys=0.00s Real=0.01s
[2026-03-30T22:04:33.938+0100][gc,marking  ] GC(2) Concurrent Mark 6.438ms
[2026-03-30T22:04:33.938+0100][gc,marking  ] GC(2) Concurrent Rebuild Remembered Sets
[2026-03-30T22:04:33.941+0100][gc,marking  ] GC(2) Concurrent Rebuild Remembered Sets 2.783ms
[2026-03-30T22:04:33.941+0100][gc,start    ] GC(2) Pause Cleanup
[2026-03-30T22:04:33.941+0100][gc          ] GC(2) Pause Cleanup 10M->10M(1024M) 0.393ms
[2026-03-30T22:04:33.941+0100][gc,cpu      ] GC(2) User=0.00s Sys=0.00s Real=0.00s
[2026-03-30T22:04:33.941+0100][gc,marking  ] GC(2) Concurrent Cleanup for Next Mark
[2026-03-30T22:04:33.959+0100][gc,marking  ] GC(2) Concurrent Cleanup for Next Mark 17.762ms
[2026-03-30T22:04:33.959+0100][gc          ] GC(2) Concurrent Mark Cycle 31.868ms
[2026-03-30T22:04:35.072+0100][gc,start    ] GC(3) Pause Young (Normal) (G1 Evacuation Pause)
[2026-03-30T22:04:35.072+0100][gc,task     ] GC(3) Using 8 workers of 8 for evacuation
[2026-03-30T22:04:35.078+0100][gc,phases   ] GC(3)   Pre Evacuate Collection Set: 0.3ms
[2026-03-30T22:04:35.078+0100][gc,phases   ] GC(3)   Merge Heap Roots: 0.2ms
[2026-03-30T22:04:35.078+0100][gc,phases   ] GC(3)   Evacuate Collection Set: 4.0ms
[2026-03-30T22:04:35.078+0100][gc,phases   ] GC(3)   Post Evacuate Collection Set: 1.3ms
[2026-03-30T22:04:35.078+0100][gc,phases   ] GC(3)   Other: 0.2ms
[2026-03-30T22:04:35.078+0100][gc,heap     ] GC(3) Eden regions: 49->0(47)
[2026-03-30T22:04:35.078+0100][gc,heap     ] GC(3) Survivor regions: 2->4(7)
[2026-03-30T22:04:35.078+0100][gc,heap     ] GC(3) Old regions: 9->9
[2026-03-30T22:04:35.078+0100][gc,heap     ] GC(3) Archive regions: 2->2
[2026-03-30T22:04:35.078+0100][gc,heap     ] GC(3) Humongous regions: 9->9
[2026-03-30T22:04:35.078+0100][gc,metaspace] GC(3) Metaspace: 31819K(32128K)->31819K(32128K) NonClass: 27916K(28096K)->27916K(28096K) Class: 3902K(4032K)->3902K(4032K)
[2026-03-30T22:04:35.078+0100][gc          ] GC(3) Pause Young (Normal) (G1 Evacuation Pause) 68M->21M(1024M) 6.036ms
[2026-03-30T22:04:35.078+0100][gc,cpu      ] GC(3) User=0.03s Sys=0.00s Real=0.01s
[2026-03-30T22:04:35.467+0100][gc,start    ] GC(4) Pause Young (Concurrent Start) (Metadata GC Threshold)
[2026-03-30T22:04:35.467+0100][gc,task     ] GC(4) Using 8 workers of 8 for evacuation
[2026-03-30T22:04:35.475+0100][gc,phases   ] GC(4)   Pre Evacuate Collection Set: 0.4ms
[2026-03-30T22:04:35.475+0100][gc,phases   ] GC(4)   Merge Heap Roots: 0.3ms
[2026-03-30T22:04:35.475+0100][gc,phases   ] GC(4)   Evacuate Collection Set: 5.8ms
[2026-03-30T22:04:35.475+0100][gc,phases   ] GC(4)   Post Evacuate Collection Set: 1.6ms
[2026-03-30T22:04:35.475+0100][gc,phases   ] GC(4)   Other: 0.2ms
[2026-03-30T22:04:35.475+0100][gc,heap     ] GC(4) Eden regions: 27->0(44)
[2026-03-30T22:04:35.475+0100][gc,heap     ] GC(4) Survivor regions: 4->7(7)
[2026-03-30T22:04:35.475+0100][gc,heap     ] GC(4) Old regions: 9->9
[2026-03-30T22:04:35.475+0100][gc,heap     ] GC(4) Archive regions: 2->2
[2026-03-30T22:04:35.475+0100][gc,heap     ] GC(4) Humongous regions: 9->9
[2026-03-30T22:04:35.475+0100][gc,metaspace] GC(4) Metaspace: 35689K(35968K)->35689K(35968K) NonClass: 31390K(31552K)->31390K(31552K) Class: 4298K(4416K)->4298K(4416K)
[2026-03-30T22:04:35.475+0100][gc          ] GC(4) Pause Young (Concurrent Start) (Metadata GC Threshold) 48M->25M(1024M) 8.400ms
[2026-03-30T22:04:35.475+0100][gc,cpu      ] GC(4) User=0.04s Sys=0.01s Real=0.01s
[2026-03-30T22:04:35.475+0100][gc          ] GC(5) Concurrent Mark Cycle
[2026-03-30T22:04:35.475+0100][gc,marking  ] GC(5) Concurrent Clear Claimed Marks
[2026-03-30T22:04:35.475+0100][gc,marking  ] GC(5) Concurrent Clear Claimed Marks 0.040ms
[2026-03-30T22:04:35.475+0100][gc,marking  ] GC(5) Concurrent Scan Root Regions
[2026-03-30T22:04:35.479+0100][gc,marking  ] GC(5) Concurrent Scan Root Regions 3.766ms
[2026-03-30T22:04:35.479+0100][gc,marking  ] GC(5) Concurrent Mark
[2026-03-30T22:04:35.479+0100][gc,marking  ] GC(5) Concurrent Mark From Roots
[2026-03-30T22:04:35.479+0100][gc,task     ] GC(5) Using 2 workers of 2 for marking
[2026-03-30T22:04:35.489+0100][gc,marking  ] GC(5) Concurrent Mark From Roots 10.013ms
[2026-03-30T22:04:35.489+0100][gc,marking  ] GC(5) Concurrent Preclean
[2026-03-30T22:04:35.489+0100][gc,marking  ] GC(5) Concurrent Preclean 0.257ms
[2026-03-30T22:04:35.496+0100][gc,start    ] GC(5) Pause Remark
[2026-03-30T22:04:35.500+0100][gc          ] GC(5) Pause Remark 27M->27M(1024M) 3.853ms
[2026-03-30T22:04:35.500+0100][gc,cpu      ] GC(5) User=0.00s Sys=0.01s Real=0.01s
[2026-03-30T22:04:35.501+0100][gc,marking  ] GC(5) Concurrent Mark 21.582ms
[2026-03-30T22:04:35.501+0100][gc,marking  ] GC(5) Concurrent Rebuild Remembered Sets
[2026-03-30T22:04:35.506+0100][gc,marking  ] GC(5) Concurrent Rebuild Remembered Sets 5.769ms
[2026-03-30T22:04:35.507+0100][gc,start    ] GC(5) Pause Cleanup
[2026-03-30T22:04:35.507+0100][gc          ] GC(5) Pause Cleanup 27M->27M(1024M) 0.384ms
[2026-03-30T22:04:35.507+0100][gc,cpu      ] GC(5) User=0.00s Sys=0.00s Real=0.00s
[2026-03-30T22:04:35.508+0100][gc,marking  ] GC(5) Concurrent Cleanup for Next Mark
[2026-03-30T22:04:35.533+0100][gc,marking  ] GC(5) Concurrent Cleanup for Next Mark 25.118ms
[2026-03-30T22:04:35.533+0100][gc          ] GC(5) Concurrent Mark Cycle 57.683ms
[2026-03-30T22:09:48.860+0100][gc,start    ] GC(6) Pause Young (Normal) (G1 Evacuation Pause)
[2026-03-30T22:09:48.860+0100][gc,task     ] GC(6) Using 8 workers of 8 for evacuation
[2026-03-30T22:09:48.874+0100][gc,phases   ] GC(6)   Pre Evacuate Collection Set: 0.9ms
[2026-03-30T22:09:48.874+0100][gc,phases   ] GC(6)   Merge Heap Roots: 0.3ms
[2026-03-30T22:09:48.874+0100][gc,phases   ] GC(6)   Evacuate Collection Set: 10.1ms
[2026-03-30T22:09:48.874+0100][gc,phases   ] GC(6)   Post Evacuate Collection Set: 1.8ms
[2026-03-30T22:09:48.874+0100][gc,phases   ] GC(6)   Other: 0.6ms
[2026-03-30T22:09:48.874+0100][gc,heap     ] GC(6) Eden regions: 44->0(45)
[2026-03-30T22:09:48.874+0100][gc,heap     ] GC(6) Survivor regions: 7->6(7)
[2026-03-30T22:09:48.874+0100][gc,heap     ] GC(6) Old regions: 9->12
[2026-03-30T22:09:48.874+0100][gc,heap     ] GC(6) Archive regions: 2->2
[2026-03-30T22:09:48.874+0100][gc,heap     ] GC(6) Humongous regions: 138->138
[2026-03-30T22:09:48.874+0100][gc,metaspace] GC(6) Metaspace: 40657K(41024K)->40657K(41024K) NonClass: 35821K(36032K)->35821K(36032K) Class: 4836K(4992K)->4836K(4992K)
[2026-03-30T22:09:48.874+0100][gc          ] GC(6) Pause Young (Normal) (G1 Evacuation Pause) 198M->156M(1024M) 13.746ms
[2026-03-30T22:09:48.874+0100][gc,cpu      ] GC(6) User=0.04s Sys=0.03s Real=0.01s
[2026-03-30T22:19:20.873+0100][gc,start    ] GC(7) Pause Young (Normal) (G1 Evacuation Pause)
[2026-03-30T22:19:20.874+0100][gc,task     ] GC(7) Using 8 workers of 8 for evacuation
[2026-03-30T22:19:20.883+0100][gc,phases   ] GC(7)   Pre Evacuate Collection Set: 0.7ms
[2026-03-30T22:19:20.883+0100][gc,phases   ] GC(7)   Merge Heap Roots: 0.3ms
[2026-03-30T22:19:20.883+0100][gc,phases   ] GC(7)   Evacuate Collection Set: 6.3ms
[2026-03-30T22:19:20.883+0100][gc,phases   ] GC(7)   Post Evacuate Collection Set: 1.6ms
[2026-03-30T22:19:20.883+0100][gc,phases   ] GC(7)   Other: 1.1ms
[2026-03-30T22:19:20.883+0100][gc,heap     ] GC(7) Eden regions: 45->0(47)
[2026-03-30T22:19:20.883+0100][gc,heap     ] GC(7) Survivor regions: 6->4(7)
[2026-03-30T22:19:20.883+0100][gc,heap     ] GC(7) Old regions: 12->16
[2026-03-30T22:19:20.883+0100][gc,heap     ] GC(7) Archive regions: 2->2
[2026-03-30T22:19:20.883+0100][gc,heap     ] GC(7) Humongous regions: 138->138
[2026-03-30T22:19:20.883+0100][gc,metaspace] GC(7) Metaspace: 41136K(41536K)->41136K(41536K) NonClass: 36288K(36544K)->36288K(36544K) Class: 4847K(4992K)->4847K(4992K)
[2026-03-30T22:19:20.883+0100][gc          ] GC(7) Pause Young (Normal) (G1 Evacuation Pause) 201M->157M(1024M) 10.214ms
[2026-03-30T22:19:20.883+0100][gc,cpu      ] GC(7) User=0.05s Sys=0.00s Real=0.01s
[2026-03-30T22:29:32.589+0100][gc,start    ] GC(8) Pause Young (Normal) (G1 Evacuation Pause)
[2026-03-30T22:29:32.590+0100][gc,task     ] GC(8) Using 8 workers of 8 for evacuation
[2026-03-30T22:29:32.597+0100][gc,phases   ] GC(8)   Pre Evacuate Collection Set: 0.5ms
[2026-03-30T22:29:32.597+0100][gc,phases   ] GC(8)   Merge Heap Roots: 0.4ms
[2026-03-30T22:29:32.597+0100][gc,phases   ] GC(8)   Evacuate Collection Set: 4.3ms
[2026-03-30T22:29:32.597+0100][gc,phases   ] GC(8)   Post Evacuate Collection Set: 2.3ms
[2026-03-30T22:29:32.598+0100][gc,phases   ] GC(8)   Other: 1.0ms
[2026-03-30T22:29:32.598+0100][gc,heap     ] GC(8) Eden regions: 47->0(47)
[2026-03-30T22:29:32.598+0100][gc,heap     ] GC(8) Survivor regions: 4->4(7)
[2026-03-30T22:29:32.598+0100][gc,heap     ] GC(8) Old regions: 16->16
[2026-03-30T22:29:32.598+0100][gc,heap     ] GC(8) Archive regions: 2->2
[2026-03-30T22:29:32.598+0100][gc,heap     ] GC(8) Humongous regions: 138->138
[2026-03-30T22:29:32.598+0100][gc,metaspace] GC(8) Metaspace: 41338K(41664K)->41338K(41664K) NonClass: 36491K(36672K)->36491K(36672K) Class: 4847K(4992K)->4847K(4992K)
[2026-03-30T22:29:32.598+0100][gc          ] GC(8) Pause Young (Normal) (G1 Evacuation Pause) 204M->157M(1024M) 8.607ms
[2026-03-30T22:29:32.598+0100][gc,cpu      ] GC(8) User=0.02s Sys=0.00s Real=0.01s
[2026-03-30T22:39:54.895+0100][gc,start    ] GC(9) Pause Young (Normal) (G1 Evacuation Pause)
[2026-03-30T22:39:54.895+0100][gc,task     ] GC(9) Using 8 workers of 8 for evacuation
[2026-03-30T22:39:54.903+0100][gc,phases   ] GC(9)   Pre Evacuate Collection Set: 0.8ms
[2026-03-30T22:39:54.904+0100][gc,phases   ] GC(9)   Merge Heap Roots: 0.3ms
[2026-03-30T22:39:54.904+0100][gc,phases   ] GC(9)   Evacuate Collection Set: 5.3ms
[2026-03-30T22:39:54.904+0100][gc,phases   ] GC(9)   Post Evacuate Collection Set: 2.0ms
[2026-03-30T22:39:54.904+0100][gc,phases   ] GC(9)   Other: 0.4ms
[2026-03-30T22:39:54.904+0100][gc,heap     ] GC(9) Eden regions: 47->0(50)
[2026-03-30T22:39:54.904+0100][gc,heap     ] GC(9) Survivor regions: 4->5(7)
[2026-03-30T22:39:54.904+0100][gc,heap     ] GC(9) Old regions: 16->16
[2026-03-30T22:39:54.904+0100][gc,heap     ] GC(9) Archive regions: 2->2
[2026-03-30T22:39:54.904+0100][gc,heap     ] GC(9) Humongous regions: 138->138
[2026-03-30T22:39:54.904+0100][gc,metaspace] GC(9) Metaspace: 41373K(41728K)->41373K(41728K) NonClass: 36525K(36736K)->36525K(36736K) Class: 4847K(4992K)->4847K(4992K)
[2026-03-30T22:39:54.904+0100][gc          ] GC(9) Pause Young (Normal) (G1 Evacuation Pause) 204M->158M(1024M) 8.720ms
[2026-03-30T22:39:54.904+0100][gc,cpu      ] GC(9) User=0.04s Sys=0.00s Real=0.01s
[2026-03-30T22:51:20.028+0100][gc,start    ] GC(10) Pause Young (Normal) (G1 Evacuation Pause)
[2026-03-30T22:51:20.028+0100][gc,task     ] GC(10) Using 8 workers of 8 for evacuation
[2026-03-30T22:51:20.045+0100][gc,phases   ] GC(10)   Pre Evacuate Collection Set: 2.6ms
[2026-03-30T22:51:20.046+0100][gc,phases   ] GC(10)   Merge Heap Roots: 0.4ms
[2026-03-30T22:51:20.046+0100][gc,phases   ] GC(10)   Evacuate Collection Set: 11.8ms
[2026-03-30T22:51:20.046+0100][gc,phases   ] GC(10)   Post Evacuate Collection Set: 2.3ms
[2026-03-30T22:51:20.046+0100][gc,phases   ] GC(10)   Other: 0.8ms
[2026-03-30T22:51:20.046+0100][gc,heap     ] GC(10) Eden regions: 50->0(64)
[2026-03-30T22:51:20.046+0100][gc,heap     ] GC(10) Survivor regions: 5->4(7)
[2026-03-30T22:51:20.046+0100][gc,heap     ] GC(10) Old regions: 16->17
[2026-03-30T22:51:20.046+0100][gc,heap     ] GC(10) Archive regions: 2->2
[2026-03-30T22:51:20.046+0100][gc,heap     ] GC(10) Humongous regions: 138->138
[2026-03-30T22:51:20.046+0100][gc,metaspace] GC(10) Metaspace: 41399K(41792K)->41399K(41792K) NonClass: 36549K(36800K)->36549K(36800K) Class: 4849K(4992K)->4849K(4992K)
[2026-03-30T22:51:20.046+0100][gc          ] GC(10) Pause Young (Normal) (G1 Evacuation Pause) 208M->159M(1024M) 17.880ms
[2026-03-30T22:51:20.046+0100][gc,cpu      ] GC(10) User=0.10s Sys=0.00s Real=0.02s
[2026-03-30T22:52:55.618+0100][gc,start    ] GC(11) Pause Young (Normal) (G1 Evacuation Pause)
[2026-03-30T22:52:55.618+0100][gc,task     ] GC(11) Using 8 workers of 8 for evacuation
[2026-03-30T22:52:55.633+0100][gc,phases   ] GC(11)   Pre Evacuate Collection Set: 1.6ms
[2026-03-30T22:52:55.633+0100][gc,phases   ] GC(11)   Merge Heap Roots: 0.2ms
[2026-03-30T22:52:55.633+0100][gc,phases   ] GC(11)   Evacuate Collection Set: 9.3ms
[2026-03-30T22:52:55.633+0100][gc,phases   ] GC(11)   Post Evacuate Collection Set: 2.1ms
[2026-03-30T22:52:55.633+0100][gc,phases   ] GC(11)   Other: 1.6ms
[2026-03-30T22:52:55.633+0100][gc,heap     ] GC(11) Eden regions: 64->0(50)
[2026-03-30T22:52:55.633+0100][gc,heap     ] GC(11) Survivor regions: 4->6(9)
[2026-03-30T22:52:55.633+0100][gc,heap     ] GC(11) Old regions: 17->17
[2026-03-30T22:52:55.633+0100][gc,heap     ] GC(11) Archive regions: 2->2
[2026-03-30T22:52:55.633+0100][gc,heap     ] GC(11) Humongous regions: 138->138
[2026-03-30T22:52:55.633+0100][gc,metaspace] GC(11) Metaspace: 42174K(42560K)->42174K(42560K) NonClass: 37287K(37504K)->37287K(37504K) Class: 4886K(5056K)->4886K(5056K)
[2026-03-30T22:52:55.633+0100][gc          ] GC(11) Pause Young (Normal) (G1 Evacuation Pause) 223M->161M(1024M) 14.974ms
[2026-03-30T22:52:55.633+0100][gc,cpu      ] GC(11) User=0.05s Sys=0.02s Real=0.02s
[2026-03-30T22:53:07.864+0100][gc,start    ] GC(12) Pause Young (Normal) (G1 Evacuation Pause)
[2026-03-30T22:53:07.864+0100][gc,task     ] GC(12) Using 8 workers of 8 for evacuation
[2026-03-30T22:53:07.871+0100][gc,phases   ] GC(12)   Pre Evacuate Collection Set: 0.4ms
[2026-03-30T22:53:07.871+0100][gc,phases   ] GC(12)   Merge Heap Roots: 0.3ms
[2026-03-30T22:53:07.871+0100][gc,phases   ] GC(12)   Evacuate Collection Set: 5.2ms
[2026-03-30T22:53:07.871+0100][gc,phases   ] GC(12)   Post Evacuate Collection Set: 1.1ms
[2026-03-30T22:53:07.871+0100][gc,phases   ] GC(12)   Other: 0.2ms
[2026-03-30T22:53:07.871+0100][gc,heap     ] GC(12) Eden regions: 50->0(173)
[2026-03-30T22:53:07.871+0100][gc,heap     ] GC(12) Survivor regions: 6->4(7)
[2026-03-30T22:53:07.871+0100][gc,heap     ] GC(12) Old regions: 17->19
[2026-03-30T22:53:07.871+0100][gc,heap     ] GC(12) Archive regions: 2->2
[2026-03-30T22:53:07.871+0100][gc,heap     ] GC(12) Humongous regions: 138->138
[2026-03-30T22:53:07.871+0100][gc,metaspace] GC(12) Metaspace: 42175K(42560K)->42175K(42560K) NonClass: 37288K(37504K)->37288K(37504K) Class: 4887K(5056K)->4887K(5056K)
[2026-03-30T22:53:07.871+0100][gc          ] GC(12) Pause Young (Normal) (G1 Evacuation Pause) 211M->161M(1024M) 7.240ms
[2026-03-30T22:53:07.871+0100][gc,cpu      ] GC(12) User=0.03s Sys=0.01s Real=0.00s
[2026-03-30T22:53:53.210+0100][gc,start    ] GC(13) Pause Young (Normal) (G1 Evacuation Pause)
[2026-03-30T22:53:53.210+0100][gc,task     ] GC(13) Using 8 workers of 8 for evacuation
[2026-03-30T22:53:53.227+0100][gc,phases   ] GC(13)   Pre Evacuate Collection Set: 1.6ms
[2026-03-30T22:53:53.227+0100][gc,phases   ] GC(13)   Merge Heap Roots: 0.4ms
[2026-03-30T22:53:53.227+0100][gc,phases   ] GC(13)   Evacuate Collection Set: 11.6ms
[2026-03-30T22:53:53.227+0100][gc,phases   ] GC(13)   Post Evacuate Collection Set: 2.0ms
[2026-03-30T22:53:53.227+0100][gc,phases   ] GC(13)   Other: 1.4ms
[2026-03-30T22:53:53.227+0100][gc,heap     ] GC(13) Eden regions: 173->0(170)
[2026-03-30T22:53:53.227+0100][gc,heap     ] GC(13) Survivor regions: 4->5(23)
[2026-03-30T22:53:53.227+0100][gc,heap     ] GC(13) Old regions: 19->19
[2026-03-30T22:53:53.227+0100][gc,heap     ] GC(13) Archive regions: 2->2
[2026-03-30T22:53:53.227+0100][gc,heap     ] GC(13) Humongous regions: 138->138
[2026-03-30T22:53:53.227+0100][gc,metaspace] GC(13) Metaspace: 42176K(42560K)->42176K(42560K) NonClass: 37289K(37504K)->37289K(37504K) Class: 4887K(5056K)->4887K(5056K)
[2026-03-30T22:53:53.227+0100][gc          ] GC(13) Pause Young (Normal) (G1 Evacuation Pause) 334M->162M(1024M) 16.912ms
[2026-03-30T22:53:53.227+0100][gc,cpu      ] GC(13) User=0.08s Sys=0.02s Real=0.01s
[2026-03-30T22:54:36.232+0100][gc,start    ] GC(14) Pause Young (Normal) (G1 Evacuation Pause)
[2026-03-30T22:54:36.233+0100][gc,task     ] GC(14) Using 8 workers of 8 for evacuation
[2026-03-30T22:54:36.245+0100][gc,phases   ] GC(14)   Pre Evacuate Collection Set: 1.7ms
[2026-03-30T22:54:36.245+0100][gc,phases   ] GC(14)   Merge Heap Roots: 0.4ms
[2026-03-30T22:54:36.245+0100][gc,phases   ] GC(14)   Evacuate Collection Set: 7.5ms
[2026-03-30T22:54:36.245+0100][gc,phases   ] GC(14)   Post Evacuate Collection Set: 2.3ms
[2026-03-30T22:54:36.245+0100][gc,phases   ] GC(14)   Other: 1.5ms
[2026-03-30T22:54:36.245+0100][gc,heap     ] GC(14) Eden regions: 170->0(202)
[2026-03-30T22:54:36.245+0100][gc,heap     ] GC(14) Survivor regions: 5->6(22)
[2026-03-30T22:54:36.245+0100][gc,heap     ] GC(14) Old regions: 19->19
[2026-03-30T22:54:36.245+0100][gc,heap     ] GC(14) Archive regions: 2->2
[2026-03-30T22:54:36.245+0100][gc,heap     ] GC(14) Humongous regions: 138->138
[2026-03-30T22:54:36.245+0100][gc,metaspace] GC(14) Metaspace: 42178K(42560K)->42178K(42560K) NonClass: 37291K(37504K)->37291K(37504K) Class: 4887K(5056K)->4887K(5056K)
[2026-03-30T22:54:36.246+0100][gc          ] GC(14) Pause Young (Normal) (G1 Evacuation Pause) 332M->163M(1024M) 13.233ms
[2026-03-30T22:54:36.246+0100][gc,cpu      ] GC(14) User=0.07s Sys=0.01s Real=0.01s
[2026-03-30T22:55:28.173+0100][gc,start    ] GC(15) Pause Young (Normal) (G1 Evacuation Pause)
[2026-03-30T22:55:28.173+0100][gc,task     ] GC(15) Using 8 workers of 8 for evacuation
[2026-03-30T22:55:28.187+0100][gc,phases   ] GC(15)   Pre Evacuate Collection Set: 1.4ms
[2026-03-30T22:55:28.187+0100][gc,phases   ] GC(15)   Merge Heap Roots: 0.2ms
[2026-03-30T22:55:28.187+0100][gc,phases   ] GC(15)   Evacuate Collection Set: 8.4ms
[2026-03-30T22:55:28.187+0100][gc,phases   ] GC(15)   Post Evacuate Collection Set: 3.4ms
[2026-03-30T22:55:28.187+0100][gc,phases   ] GC(15)   Other: 0.5ms
[2026-03-30T22:55:28.187+0100][gc,heap     ] GC(15) Eden regions: 202->0(291)
[2026-03-30T22:55:28.187+0100][gc,heap     ] GC(15) Survivor regions: 6->6(26)
[2026-03-30T22:55:28.187+0100][gc,heap     ] GC(15) Old regions: 19->19
[2026-03-30T22:55:28.187+0100][gc,heap     ] GC(15) Archive regions: 2->2
[2026-03-30T22:55:28.187+0100][gc,heap     ] GC(15) Humongous regions: 138->138
[2026-03-30T22:55:28.187+0100][gc,metaspace] GC(15) Metaspace: 42190K(42560K)->42190K(42560K) NonClass: 37301K(37504K)->37301K(37504K) Class: 4888K(5056K)->4888K(5056K)
[2026-03-30T22:55:28.187+0100][gc          ] GC(15) Pause Young (Normal) (G1 Evacuation Pause) 365M->163M(1024M) 14.261ms
[2026-03-30T22:55:28.187+0100][gc,cpu      ] GC(15) User=0.06s Sys=0.02s Real=0.01s
[2026-03-30T22:56:46.235+0100][gc,start    ] GC(16) Pause Young (Normal) (G1 Evacuation Pause)
[2026-03-30T22:56:46.235+0100][gc,task     ] GC(16) Using 8 workers of 8 for evacuation
[2026-03-30T22:56:46.261+0100][gc,mmu      ] GC(16) MMU target violated: 21.0ms (20.0ms/21.0ms)
[2026-03-30T22:56:46.261+0100][gc,phases   ] GC(16)   Pre Evacuate Collection Set: 2.3ms
[2026-03-30T22:56:46.261+0100][gc,phases   ] GC(16)   Merge Heap Roots: 0.5ms
[2026-03-30T22:56:46.261+0100][gc,phases   ] GC(16)   Evacuate Collection Set: 20.2ms
[2026-03-30T22:56:46.261+0100][gc,phases   ] GC(16)   Post Evacuate Collection Set: 2.6ms
[2026-03-30T22:56:46.261+0100][gc,phases   ] GC(16)   Other: 1.8ms
[2026-03-30T22:56:46.261+0100][gc,heap     ] GC(16) Eden regions: 291->0(137)
[2026-03-30T22:56:46.261+0100][gc,heap     ] GC(16) Survivor regions: 6->7(38)
[2026-03-30T22:56:46.261+0100][gc,heap     ] GC(16) Old regions: 19->19
[2026-03-30T22:56:46.261+0100][gc,heap     ] GC(16) Archive regions: 2->2
[2026-03-30T22:56:46.261+0100][gc,heap     ] GC(16) Humongous regions: 138->138
[2026-03-30T22:56:46.261+0100][gc,metaspace] GC(16) Metaspace: 42210K(42560K)->42210K(42560K) NonClass: 37321K(37504K)->37321K(37504K) Class: 4888K(5056K)->4888K(5056K)
[2026-03-30T22:56:46.262+0100][gc          ] GC(16) Pause Young (Normal) (G1 Evacuation Pause) 454M->164M(1024M) 27.050ms
[2026-03-30T22:56:46.262+0100][gc,cpu      ] GC(16) User=0.14s Sys=0.00s Real=0.02s
[2026-03-30T22:58:50.614+0100][gc,start    ] GC(17) Pause Young (Normal) (G1 Evacuation Pause)
[2026-03-30T22:58:50.614+0100][gc,task     ] GC(17) Using 8 workers of 8 for evacuation
[2026-03-30T22:58:50.645+0100][gc,mmu      ] GC(17) MMU target violated: 21.0ms (20.0ms/21.0ms)
[2026-03-30T22:58:50.645+0100][gc,phases   ] GC(17)   Pre Evacuate Collection Set: 2.7ms
[2026-03-30T22:58:50.645+0100][gc,phases   ] GC(17)   Merge Heap Roots: 0.8ms
[2026-03-30T22:58:50.645+0100][gc,phases   ] GC(17)   Evacuate Collection Set: 24.2ms
[2026-03-30T22:58:50.645+0100][gc,phases   ] GC(17)   Post Evacuate Collection Set: 2.7ms
[2026-03-30T22:58:50.645+0100][gc,phases   ] GC(17)   Other: 0.6ms
[2026-03-30T22:58:50.645+0100][gc,heap     ] GC(17) Eden regions: 137->0(90)
[2026-03-30T22:58:50.645+0100][gc,heap     ] GC(17) Survivor regions: 7->8(18)
[2026-03-30T22:58:50.645+0100][gc,heap     ] GC(17) Old regions: 19->19
[2026-03-30T22:58:50.645+0100][gc,heap     ] GC(17) Archive regions: 2->2
[2026-03-30T22:58:50.645+0100][gc,heap     ] GC(17) Humongous regions: 138->138
[2026-03-30T22:58:50.645+0100][gc,metaspace] GC(17) Metaspace: 42210K(42560K)->42210K(42560K) NonClass: 37321K(37504K)->37321K(37504K) Class: 4888K(5056K)->4888K(5056K)
[2026-03-30T22:58:50.646+0100][gc          ] GC(17) Pause Young (Normal) (G1 Evacuation Pause) 301M->165M(1024M) 31.376ms
[2026-03-30T22:58:50.646+0100][gc,cpu      ] GC(17) User=0.09s Sys=0.00s Real=0.03s
[2026-03-30T22:59:22.738+0100][gc,start    ] GC(18) Pause Young (Normal) (G1 Evacuation Pause)
[2026-03-30T22:59:22.738+0100][gc,task     ] GC(18) Using 8 workers of 8 for evacuation
[2026-03-30T22:59:22.755+0100][gc,phases   ] GC(18)   Pre Evacuate Collection Set: 2.0ms
[2026-03-30T22:59:22.755+0100][gc,phases   ] GC(18)   Merge Heap Roots: 0.3ms
[2026-03-30T22:59:22.755+0100][gc,phases   ] GC(18)   Evacuate Collection Set: 11.9ms
[2026-03-30T22:59:22.755+0100][gc,phases   ] GC(18)   Post Evacuate Collection Set: 1.8ms
[2026-03-30T22:59:22.755+0100][gc,phases   ] GC(18)   Other: 0.8ms
[2026-03-30T22:59:22.755+0100][gc,heap     ] GC(18) Eden regions: 90->0(105)
[2026-03-30T22:59:22.755+0100][gc,heap     ] GC(18) Survivor regions: 8->8(13)
[2026-03-30T22:59:22.755+0100][gc,heap     ] GC(18) Old regions: 19->20
[2026-03-30T22:59:22.755+0100][gc,heap     ] GC(18) Archive regions: 2->2
[2026-03-30T22:59:22.755+0100][gc,heap     ] GC(18) Humongous regions: 138->138
[2026-03-30T22:59:22.755+0100][gc,metaspace] GC(18) Metaspace: 42211K(42560K)->42211K(42560K) NonClass: 37322K(37504K)->37322K(37504K) Class: 4889K(5056K)->4889K(5056K)
[2026-03-30T22:59:22.755+0100][gc          ] GC(18) Pause Young (Normal) (G1 Evacuation Pause) 255M->166M(1024M) 16.637ms
[2026-03-30T22:59:22.755+0100][gc,cpu      ] GC(18) User=0.08s Sys=0.00s Real=0.02s
[2026-03-30T22:59:49.895+0100][gc,start    ] GC(19) Pause Young (Normal) (G1 Evacuation Pause)
[2026-03-30T22:59:49.895+0100][gc,task     ] GC(19) Using 8 workers of 8 for evacuation
[2026-03-30T22:59:49.902+0100][gc,phases   ] GC(19)   Pre Evacuate Collection Set: 0.3ms
[2026-03-30T22:59:49.902+0100][gc,phases   ] GC(19)   Merge Heap Roots: 0.2ms
[2026-03-30T22:59:49.902+0100][gc,phases   ] GC(19)   Evacuate Collection Set: 5.3ms
[2026-03-30T22:59:49.902+0100][gc,phases   ] GC(19)   Post Evacuate Collection Set: 1.2ms
[2026-03-30T22:59:49.902+0100][gc,phases   ] GC(19)   Other: 0.2ms
[2026-03-30T22:59:49.902+0100][gc,heap     ] GC(19) Eden regions: 105->0(229)
[2026-03-30T22:59:49.902+0100][gc,heap     ] GC(19) Survivor regions: 8->8(15)
[2026-03-30T22:59:49.902+0100][gc,heap     ] GC(19) Old regions: 20->20
[2026-03-30T22:59:49.902+0100][gc,heap     ] GC(19) Archive regions: 2->2
[2026-03-30T22:59:49.902+0100][gc,heap     ] GC(19) Humongous regions: 138->138
[2026-03-30T22:59:49.902+0100][gc,metaspace] GC(19) Metaspace: 42219K(42560K)->42219K(42560K) NonClass: 37330K(37504K)->37330K(37504K) Class: 4889K(5056K)->4889K(5056K)
[2026-03-30T22:59:49.902+0100][gc          ] GC(19) Pause Young (Normal) (G1 Evacuation Pause) 271M->166M(1024M) 7.409ms
[2026-03-30T22:59:49.902+0100][gc,cpu      ] GC(19) User=0.04s Sys=0.01s Real=0.01s
[2026-03-30T23:00:48.305+0100][gc,start    ] GC(20) Pause Young (Normal) (G1 Evacuation Pause)
[2026-03-30T23:00:48.305+0100][gc,task     ] GC(20) Using 8 workers of 8 for evacuation
[2026-03-30T23:00:48.314+0100][gc,phases   ] GC(20)   Pre Evacuate Collection Set: 0.4ms
[2026-03-30T23:00:48.314+0100][gc,phases   ] GC(20)   Merge Heap Roots: 0.3ms
[2026-03-30T23:00:48.314+0100][gc,phases   ] GC(20)   Evacuate Collection Set: 6.4ms
[2026-03-30T23:00:48.314+0100][gc,phases   ] GC(20)   Post Evacuate Collection Set: 1.4ms
[2026-03-30T23:00:48.314+0100][gc,phases   ] GC(20)   Other: 0.2ms
[2026-03-30T23:00:48.314+0100][gc,heap     ] GC(20) Eden regions: 229->0(388)
[2026-03-30T23:00:48.314+0100][gc,heap     ] GC(20) Survivor regions: 8->9(30)
[2026-03-30T23:00:48.314+0100][gc,heap     ] GC(20) Old regions: 20->20
[2026-03-30T23:00:48.314+0100][gc,heap     ] GC(20) Archive regions: 2->2
[2026-03-30T23:00:48.314+0100][gc,heap     ] GC(20) Humongous regions: 138->138
[2026-03-30T23:00:48.314+0100][gc,metaspace] GC(20) Metaspace: 42219K(42560K)->42219K(42560K) NonClass: 37330K(37504K)->37330K(37504K) Class: 4889K(5056K)->4889K(5056K)
[2026-03-30T23:00:48.314+0100][gc          ] GC(20) Pause Young (Normal) (G1 Evacuation Pause) 395M->167M(1024M) 8.838ms
[2026-03-30T23:00:48.314+0100][gc,cpu      ] GC(20) User=0.04s Sys=0.00s Real=0.01s
[2026-03-30T23:02:30.334+0100][gc,start    ] GC(21) Pause Young (Normal) (G1 Evacuation Pause)
[2026-03-30T23:02:30.334+0100][gc,task     ] GC(21) Using 8 workers of 8 for evacuation
[2026-03-30T23:02:30.355+0100][gc,mmu      ] GC(21) MMU target violated: 20.4ms (20.0ms/21.0ms)
[2026-03-30T23:02:30.355+0100][gc,phases   ] GC(21)   Pre Evacuate Collection Set: 1.3ms
[2026-03-30T23:02:30.355+0100][gc,phases   ] GC(21)   Merge Heap Roots: 0.8ms
[2026-03-30T23:02:30.355+0100][gc,phases   ] GC(21)   Evacuate Collection Set: 15.4ms
[2026-03-30T23:02:30.355+0100][gc,phases   ] GC(21)   Post Evacuate Collection Set: 3.2ms
[2026-03-30T23:02:30.356+0100][gc,phases   ] GC(21)   Other: 0.8ms
[2026-03-30T23:02:30.356+0100][gc,heap     ] GC(21) Eden regions: 388->0(298)
[2026-03-30T23:02:30.356+0100][gc,heap     ] GC(21) Survivor regions: 9->10(50)
[2026-03-30T23:02:30.356+0100][gc,heap     ] GC(21) Old regions: 20->20
[2026-03-30T23:02:30.356+0100][gc,heap     ] GC(21) Archive regions: 2->2
[2026-03-30T23:02:30.356+0100][gc,heap     ] GC(21) Humongous regions: 138->138
[2026-03-30T23:02:30.356+0100][gc,metaspace] GC(21) Metaspace: 42222K(42624K)->42222K(42624K) NonClass: 37333K(37568K)->37333K(37568K) Class: 4889K(5056K)->4889K(5056K)
[2026-03-30T23:02:30.356+0100][gc          ] GC(21) Pause Young (Normal) (G1 Evacuation Pause) 555M->168M(1024M) 21.428ms
[2026-03-30T23:02:30.356+0100][gc,cpu      ] GC(21) User=0.10s Sys=0.02s Real=0.02s
[2026-03-30T23:03:49.762+0100][gc,start    ] GC(22) Pause Young (Normal) (G1 Evacuation Pause)
[2026-03-30T23:03:49.762+0100][gc,task     ] GC(22) Using 8 workers of 8 for evacuation
[2026-03-30T23:03:49.776+0100][gc,phases   ] GC(22)   Pre Evacuate Collection Set: 1.3ms
[2026-03-30T23:03:49.776+0100][gc,phases   ] GC(22)   Merge Heap Roots: 0.7ms
[2026-03-30T23:03:49.776+0100][gc,phases   ] GC(22)   Evacuate Collection Set: 10.4ms
[2026-03-30T23:03:49.776+0100][gc,phases   ] GC(22)   Post Evacuate Collection Set: 1.9ms
[2026-03-30T23:03:49.776+0100][gc,phases   ] GC(22)   Other: 0.6ms
[2026-03-30T23:03:49.776+0100][gc,heap     ] GC(22) Eden regions: 298->0(332)
[2026-03-30T23:03:49.776+0100][gc,heap     ] GC(22) Survivor regions: 10->13(39)
[2026-03-30T23:03:49.776+0100][gc,heap     ] GC(22) Old regions: 20->20
[2026-03-30T23:03:49.776+0100][gc,heap     ] GC(22) Archive regions: 2->2
[2026-03-30T23:03:49.776+0100][gc,heap     ] GC(22) Humongous regions: 147->147
[2026-03-30T23:03:49.776+0100][gc,metaspace] GC(22) Metaspace: 42370K(42752K)->42370K(42752K) NonClass: 37453K(37632K)->37453K(37632K) Class: 4917K(5120K)->4917K(5120K)
[2026-03-30T23:03:49.777+0100][gc          ] GC(22) Pause Young (Normal) (G1 Evacuation Pause) 475M->180M(1024M) 14.903ms
[2026-03-30T23:03:49.777+0100][gc,cpu      ] GC(22) User=0.08s Sys=0.00s Real=0.02s
[2026-03-30T23:05:17.588+0100][gc,start    ] GC(23) Pause Young (Normal) (G1 Evacuation Pause)
[2026-03-30T23:05:17.588+0100][gc,task     ] GC(23) Using 8 workers of 8 for evacuation
[2026-03-30T23:05:17.602+0100][gc,phases   ] GC(23)   Pre Evacuate Collection Set: 0.9ms
[2026-03-30T23:05:17.602+0100][gc,phases   ] GC(23)   Merge Heap Roots: 0.8ms
[2026-03-30T23:05:17.602+0100][gc,phases   ] GC(23)   Evacuate Collection Set: 10.4ms
[2026-03-30T23:05:17.602+0100][gc,phases   ] GC(23)   Post Evacuate Collection Set: 1.8ms
[2026-03-30T23:05:17.602+0100][gc,phases   ] GC(23)   Other: 0.6ms
[2026-03-30T23:05:17.602+0100][gc,heap     ] GC(23) Eden regions: 332->0(264)
[2026-03-30T23:05:17.602+0100][gc,heap     ] GC(23) Survivor regions: 13->13(44)
[2026-03-30T23:05:17.602+0100][gc,heap     ] GC(23) Old regions: 20->20
[2026-03-30T23:05:17.602+0100][gc,heap     ] GC(23) Archive regions: 2->2
[2026-03-30T23:05:17.602+0100][gc,heap     ] GC(23) Humongous regions: 147->147
[2026-03-30T23:05:17.602+0100][gc,metaspace] GC(23) Metaspace: 42388K(42816K)->42388K(42816K) NonClass: 37469K(37696K)->37469K(37696K) Class: 4919K(5120K)->4919K(5120K)
[2026-03-30T23:05:17.602+0100][gc          ] GC(23) Pause Young (Normal) (G1 Evacuation Pause) 512M->180M(1024M) 14.618ms
[2026-03-30T23:05:17.602+0100][gc,cpu      ] GC(23) User=0.07s Sys=0.01s Real=0.01s
[2026-03-30T23:06:26.538+0100][gc,start    ] GC(24) Pause Young (Normal) (G1 Evacuation Pause)
[2026-03-30T23:06:26.538+0100][gc,task     ] GC(24) Using 8 workers of 8 for evacuation
[2026-03-30T23:06:26.553+0100][gc,phases   ] GC(24)   Pre Evacuate Collection Set: 1.0ms
[2026-03-30T23:06:26.553+0100][gc,phases   ] GC(24)   Merge Heap Roots: 0.6ms
[2026-03-30T23:06:26.553+0100][gc,phases   ] GC(24)   Evacuate Collection Set: 9.6ms
[2026-03-30T23:06:26.553+0100][gc,phases   ] GC(24)   Post Evacuate Collection Set: 3.0ms
[2026-03-30T23:06:26.553+0100][gc,phases   ] GC(24)   Other: 0.7ms
[2026-03-30T23:06:26.553+0100][gc,heap     ] GC(24) Eden regions: 264->0(544)
[2026-03-30T23:06:26.553+0100][gc,heap     ] GC(24) Survivor regions: 13->13(35)
[2026-03-30T23:06:26.553+0100][gc,heap     ] GC(24) Old regions: 20->20
[2026-03-30T23:06:26.553+0100][gc,heap     ] GC(24) Archive regions: 2->2
[2026-03-30T23:06:26.553+0100][gc,heap     ] GC(24) Humongous regions: 147->147
[2026-03-30T23:06:26.553+0100][gc,metaspace] GC(24) Metaspace: 42393K(42816K)->42393K(42816K) NonClass: 37474K(37696K)->37474K(37696K) Class: 4919K(5120K)->4919K(5120K)
[2026-03-30T23:06:26.553+0100][gc          ] GC(24) Pause Young (Normal) (G1 Evacuation Pause) 444M->180M(1024M) 14.974ms
[2026-03-30T23:06:26.553+0100][gc,cpu      ] GC(24) User=0.07s Sys=0.00s Real=0.01s
[2026-03-30T23:08:51.837+0100][gc,start    ] GC(25) Pause Young (Normal) (G1 Evacuation Pause)
[2026-03-30T23:08:51.837+0100][gc,task     ] GC(25) Using 8 workers of 8 for evacuation
[2026-03-30T23:08:51.858+0100][gc,mmu      ] GC(25) MMU target violated: 20.7ms (20.0ms/21.0ms)
[2026-03-30T23:08:51.858+0100][gc,phases   ] GC(25)   Pre Evacuate Collection Set: 1.1ms
[2026-03-30T23:08:51.858+0100][gc,phases   ] GC(25)   Merge Heap Roots: 0.7ms
[2026-03-30T23:08:51.858+0100][gc,phases   ] GC(25)   Evacuate Collection Set: 14.7ms
[2026-03-30T23:08:51.858+0100][gc,phases   ] GC(25)   Post Evacuate Collection Set: 4.2ms
[2026-03-30T23:08:51.858+0100][gc,phases   ] GC(25)   Other: 0.8ms
[2026-03-30T23:08:51.858+0100][gc,heap     ] GC(25) Eden regions: 544->0(354)
[2026-03-30T23:08:51.858+0100][gc,heap     ] GC(25) Survivor regions: 13->13(70)
[2026-03-30T23:08:51.858+0100][gc,heap     ] GC(25) Old regions: 20->20
[2026-03-30T23:08:51.858+0100][gc,heap     ] GC(25) Archive regions: 2->2
[2026-03-30T23:08:51.858+0100][gc,heap     ] GC(25) Humongous regions: 147->147
[2026-03-30T23:08:51.858+0100][gc,metaspace] GC(25) Metaspace: 42428K(42816K)->42428K(42816K) NonClass: 37509K(37696K)->37509K(37696K) Class: 4919K(5120K)->4919K(5120K)
[2026-03-30T23:08:51.858+0100][gc          ] GC(25) Pause Young (Normal) (G1 Evacuation Pause) 724M->180M(1024M) 21.551ms
[2026-03-30T23:08:51.858+0100][gc,cpu      ] GC(25) User=0.06s Sys=0.05s Real=0.02s
[2026-03-30T23:10:23.911+0100][gc,start    ] GC(26) Pause Young (Normal) (G1 Evacuation Pause)
[2026-03-30T23:10:23.911+0100][gc,task     ] GC(26) Using 8 workers of 8 for evacuation
[2026-03-30T23:10:23.930+0100][gc,phases   ] GC(26)   Pre Evacuate Collection Set: 1.5ms
[2026-03-30T23:10:23.930+0100][gc,phases   ] GC(26)   Merge Heap Roots: 0.8ms
[2026-03-30T23:10:23.930+0100][gc,phases   ] GC(26)   Evacuate Collection Set: 13.6ms
[2026-03-30T23:10:23.930+0100][gc,phases   ] GC(26)   Post Evacuate Collection Set: 2.4ms
[2026-03-30T23:10:23.930+0100][gc,phases   ] GC(26)   Other: 0.7ms
[2026-03-30T23:10:23.930+0100][gc,heap     ] GC(26) Eden regions: 354->0(602)
[2026-03-30T23:10:23.930+0100][gc,heap     ] GC(26) Survivor regions: 13->12(46)
[2026-03-30T23:10:23.930+0100][gc,heap     ] GC(26) Old regions: 20->22
[2026-03-30T23:10:23.930+0100][gc,heap     ] GC(26) Archive regions: 2->2
[2026-03-30T23:10:23.930+0100][gc,heap     ] GC(26) Humongous regions: 147->147
[2026-03-30T23:10:23.930+0100][gc,metaspace] GC(26) Metaspace: 42433K(42816K)->42433K(42816K) NonClass: 37513K(37696K)->37513K(37696K) Class: 4919K(5120K)->4919K(5120K)
[2026-03-30T23:10:23.930+0100][gc          ] GC(26) Pause Young (Normal) (G1 Evacuation Pause) 534M->180M(1024M) 19.155ms
[2026-03-30T23:10:23.930+0100][gc,cpu      ] GC(26) User=0.09s Sys=0.03s Real=0.02s
[2026-03-30T23:13:02.254+0100][gc,start    ] GC(27) Pause Young (Normal) (G1 Evacuation Pause)
[2026-03-30T23:13:02.255+0100][gc,task     ] GC(27) Using 8 workers of 8 for evacuation
[2026-03-30T23:13:02.286+0100][gc,mmu      ] GC(27) MMU target violated: 21.0ms (20.0ms/21.0ms)
[2026-03-30T23:13:02.286+0100][gc,phases   ] GC(27)   Pre Evacuate Collection Set: 2.3ms
[2026-03-30T23:13:02.286+0100][gc,phases   ] GC(27)   Merge Heap Roots: 0.7ms
[2026-03-30T23:13:02.286+0100][gc,phases   ] GC(27)   Evacuate Collection Set: 23.6ms
[2026-03-30T23:13:02.287+0100][gc,phases   ] GC(27)   Post Evacuate Collection Set: 4.3ms
[2026-03-30T23:13:02.287+0100][gc,phases   ] GC(27)   Other: 1.5ms
[2026-03-30T23:13:02.287+0100][gc,heap     ] GC(27) Eden regions: 602->0(128)
[2026-03-30T23:13:02.287+0100][gc,heap     ] GC(27) Survivor regions: 12->11(77)
[2026-03-30T23:13:02.287+0100][gc,heap     ] GC(27) Old regions: 22->22
[2026-03-30T23:13:02.287+0100][gc,heap     ] GC(27) Archive regions: 2->2
[2026-03-30T23:13:02.287+0100][gc,heap     ] GC(27) Humongous regions: 147->147
[2026-03-30T23:13:02.287+0100][gc,metaspace] GC(27) Metaspace: 42433K(42816K)->42433K(42816K) NonClass: 37513K(37696K)->37513K(37696K) Class: 4919K(5120K)->4919K(5120K)
[2026-03-30T23:13:02.287+0100][gc          ] GC(27) Pause Young (Normal) (G1 Evacuation Pause) 782M->180M(1024M) 32.331ms
[2026-03-30T23:13:02.287+0100][gc,cpu      ] GC(27) User=0.13s Sys=0.05s Real=0.04s
[2026-03-30T23:13:15.891+0100][gc,start    ] GC(28) Pause Young (Normal) (G1 Evacuation Pause)
[2026-03-30T23:13:15.891+0100][gc,task     ] GC(28) Using 8 workers of 8 for evacuation
[2026-03-30T23:13:15.935+0100][gc,mmu      ] GC(28) MMU target violated: 21.0ms (20.0ms/21.0ms)
[2026-03-30T23:13:15.935+0100][gc,phases   ] GC(28)   Pre Evacuate Collection Set: 0.6ms
[2026-03-30T23:13:15.935+0100][gc,phases   ] GC(28)   Merge Heap Roots: 0.3ms
[2026-03-30T23:13:15.935+0100][gc,phases   ] GC(28)   Evacuate Collection Set: 39.8ms
[2026-03-30T23:13:15.935+0100][gc,phases   ] GC(28)   Post Evacuate Collection Set: 2.6ms
[2026-03-30T23:13:15.935+0100][gc,phases   ] GC(28)   Other: 0.8ms
[2026-03-30T23:13:15.935+0100][gc,heap     ] GC(28) Eden regions: 52->0(352)
[2026-03-30T23:13:15.935+0100][gc,heap     ] GC(28) Survivor regions: 11->5(8)
[2026-03-30T23:13:15.935+0100][gc,heap     ] GC(28) Old regions: 22->29
[2026-03-30T23:13:15.935+0100][gc,heap     ] GC(28) Archive regions: 2->2
[2026-03-30T23:13:15.935+0100][gc,heap     ] GC(28) Humongous regions: 147->147
[2026-03-30T23:13:15.935+0100][gc,metaspace] GC(28) Metaspace: 42434K(42816K)->42434K(42816K) NonClass: 37514K(37696K)->37514K(37696K) Class: 4919K(5120K)->4919K(5120K)
[2026-03-30T23:13:15.936+0100][gc          ] GC(28) Pause Young (Normal) (G1 Evacuation Pause) 232M->180M(1024M) 44.242ms
[2026-03-30T23:13:15.936+0100][gc,cpu      ] GC(28) User=0.14s Sys=0.13s Real=0.04s
[2026-03-30T23:14:48.210+0100][gc,start    ] GC(29) Pause Young (Normal) (G1 Evacuation Pause)
[2026-03-30T23:14:48.210+0100][gc,task     ] GC(29) Using 8 workers of 8 for evacuation
[2026-03-30T23:14:48.218+0100][gc,phases   ] GC(29)   Pre Evacuate Collection Set: 0.6ms
[2026-03-30T23:14:48.218+0100][gc,phases   ] GC(29)   Merge Heap Roots: 0.4ms
[2026-03-30T23:14:48.218+0100][gc,phases   ] GC(29)   Evacuate Collection Set: 5.2ms
[2026-03-30T23:14:48.218+0100][gc,phases   ] GC(29)   Post Evacuate Collection Set: 1.6ms
[2026-03-30T23:14:48.218+0100][gc,phases   ] GC(29)   Other: 0.4ms
[2026-03-30T23:14:48.218+0100][gc,heap     ] GC(29) Eden regions: 352->0(610)
[2026-03-30T23:14:48.218+0100][gc,heap     ] GC(29) Survivor regions: 5->4(45)
[2026-03-30T23:14:48.218+0100][gc,heap     ] GC(29) Old regions: 29->29
[2026-03-30T23:14:48.218+0100][gc,heap     ] GC(29) Archive regions: 2->2
[2026-03-30T23:14:48.218+0100][gc,heap     ] GC(29) Humongous regions: 147->147
[2026-03-30T23:14:48.218+0100][gc,metaspace] GC(29) Metaspace: 43436K(43968K)->43436K(43968K) NonClass: 38291K(38592K)->38291K(38592K) Class: 5144K(5376K)->5144K(5376K)
[2026-03-30T23:14:48.218+0100][gc          ] GC(29) Pause Young (Normal) (G1 Evacuation Pause) 532M->180M(1024M) 8.286ms
[2026-03-30T23:14:48.218+0100][gc,cpu      ] GC(29) User=0.05s Sys=0.01s Real=0.01s
[2026-03-30T23:17:25.780+0100][gc,start    ] GC(30) Pause Young (Normal) (G1 Evacuation Pause)
[2026-03-30T23:17:25.781+0100][gc,task     ] GC(30) Using 8 workers of 8 for evacuation
[2026-03-30T23:17:25.791+0100][gc,phases   ] GC(30)   Pre Evacuate Collection Set: 0.4ms
[2026-03-30T23:17:25.791+0100][gc,phases   ] GC(30)   Merge Heap Roots: 0.5ms
[2026-03-30T23:17:25.791+0100][gc,phases   ] GC(30)   Evacuate Collection Set: 6.8ms
[2026-03-30T23:17:25.791+0100][gc,phases   ] GC(30)   Post Evacuate Collection Set: 2.1ms
[2026-03-30T23:17:25.791+0100][gc,phases   ] GC(30)   Other: 0.5ms
[2026-03-30T23:17:25.791+0100][gc,heap     ] GC(30) Eden regions: 610->0(610)
[2026-03-30T23:17:25.791+0100][gc,heap     ] GC(30) Survivor regions: 4->4(77)
[2026-03-30T23:17:25.791+0100][gc,heap     ] GC(30) Old regions: 29->29
[2026-03-30T23:17:25.791+0100][gc,heap     ] GC(30) Archive regions: 2->2
[2026-03-30T23:17:25.791+0100][gc,heap     ] GC(30) Humongous regions: 147->147
[2026-03-30T23:17:25.791+0100][gc,metaspace] GC(30) Metaspace: 43436K(43968K)->43436K(43968K) NonClass: 38291K(38592K)->38291K(38592K) Class: 5144K(5376K)->5144K(5376K)
[2026-03-30T23:17:25.791+0100][gc          ] GC(30) Pause Young (Normal) (G1 Evacuation Pause) 790M->180M(1024M) 10.406ms
[2026-03-30T23:17:25.791+0100][gc,cpu      ] GC(30) User=0.05s Sys=0.00s Real=0.02s
[2026-03-30T23:19:44.482+0100][gc,heap,exit] Heap
[2026-03-30T23:19:44.482+0100][gc,heap,exit]  garbage-first heap   total 1048576K, used 726124K [0x00000000c0000000, 0x0000000100000000)
[2026-03-30T23:19:44.482+0100][gc,heap,exit]   region size 1024K, 533 young (545792K), 4 survivors (4096K)
[2026-03-30T23:19:44.482+0100][gc,heap,exit]  Metaspace       used 44615K, committed 45184K, reserved 1114112K
[2026-03-30T23:19:44.482+0100][gc,heap,exit]   class space    used 5391K, committed 5632K, reserved 1048576K
